// Jest Snapshot v1, https://goo.gl/fbAQLP

exports[`<SearchPage/> test should show default 1`] = `
<div>
  <h1>
    Find Your Hero
  </h1>
  <div
    class="row"
  >
    <div
      class="col-5"
    >
      <hr />
      <form
        aria-label="form"
      >
        <input
          autocomplete="off"
          class="form-control"
          name="searchText"
          placeholder="Spider-Man"
          type="text"
          value=""
        />
        <button
          class="btn btn-outline-primary mt-2 fa fa-search"
        />
      </form>
    </div>
    <div
      class="col-7"
    >
      <h4>
        Results
      </h4>
      <hr />
      <div
        class="alert alert-primary animate__animated animate__fadeIn"
      >
        Start Searching
      </div>
      <div
        aria-label="noFound"
        class="alert alert-danger animate__animated animate__fadeIn"
        style="display: none;"
      >
        <b />
         was not found
      </div>
    </div>
  </div>
</div>
`;
